  Determining projects to restore...
  Restored /data/code/LinkitAir/LinkitAir.csproj (in 6.93 sec).
  Restored /data/code/Infrastructure/Infrastructure.csproj (in 5.01 sec).
  Restored /data/code/Core/Core.csproj (in 11 ms).
/data/code/Core/Entities/RequestLog.cs(9,23): warning CS8618: Non-nullable property 'RequestMethod' must contain a non-null value when exiting constructor. Consider adding the 'required' modifier or declaring the property as nullable. [/data/code/Core/Core.csproj]
/data/code/Core/Entities/RequestLog.cs(10,23): warning CS8618: Non-nullable property 'ResponseStatusCode' must contain a non-null value when exiting constructor. Consider adding the 'required' modifier or declaring the property as nullable. [/data/code/Core/Core.csproj]
/data/code/Core/Entities/RequestLog.cs(11,23): warning CS8618: Non-nullable property 'UrlPath' must contain a non-null value when exiting constructor. Consider adding the 'required' modifier or declaring the property as nullable. [/data/code/Core/Core.csproj]
/data/code/Core/Entities/FlightTicket.cs(9,23): warning CS8618: Non-nullable property 'Code' must contain a non-null value when exiting constructor. Consider adding the 'required' modifier or declaring the property as nullable. [/data/code/Core/Core.csproj]
/data/code/Core/Entities/FlightTicket.cs(12,31): warning CS8618: Non-nullable property 'FlightInstance' must contain a non-null value when exiting constructor. Consider adding the 'required' modifier or declaring the property as nullable. [/data/code/Core/Core.csproj]
/data/code/Core/Entities/FlightRoute.cs(9,23): warning CS8618: Non-nullable property 'Code' must contain a non-null value when exiting constructor. Consider adding the 'required' modifier or declaring the property as nullable. [/data/code/Core/Core.csproj]
/data/code/Core/Entities/FlightRoute.cs(13,24): warning CS8618: Non-nullable property 'Origin' must contain a non-null value when exiting constructor. Consider adding the 'required' modifier or declaring the property as nullable. [/data/code/Core/Core.csproj]
/data/code/Core/Entities/FlightRoute.cs(15,24): warning CS8618: Non-nullable property 'Destination' must contain a non-null value when exiting constructor. Consider adding the 'required' modifier or declaring the property as nullable. [/data/code/Core/Core.csproj]
/data/code/Core/Entities/FlightInstance.cs(9,23): warning CS8618: Non-nullable property 'Code' must contain a non-null value when exiting constructor. Consider adding the 'required' modifier or declaring the property as nullable. [/data/code/Core/Core.csproj]
/data/code/Core/Entities/FlightInstance.cs(14,28): warning CS8618: Non-nullable property 'FlightRoute' must contain a non-null value when exiting constructor. Consider adding the 'required' modifier or declaring the property as nullable. [/data/code/Core/Core.csproj]
/data/code/Core/Entities/Country.cs(9,23): warning CS8618: Non-nullable property 'Name' must contain a non-null value when exiting constructor. Consider adding the 'required' modifier or declaring the property as nullable. [/data/code/Core/Core.csproj]
/data/code/Core/Entities/Country.cs(10,23): warning CS8618: Non-nullable property 'Code' must contain a non-null value when exiting constructor. Consider adding the 'required' modifier or declaring the property as nullable. [/data/code/Core/Core.csproj]
/data/code/Core/Entities/City.cs(9,23): warning CS8618: Non-nullable property 'Name' must contain a non-null value when exiting constructor. Consider adding the 'required' modifier or declaring the property as nullable. [/data/code/Core/Core.csproj]
/data/code/Core/Entities/City.cs(11,24): warning CS8618: Non-nullable property 'Country' must contain a non-null value when exiting constructor. Consider adding the 'required' modifier or declaring the property as nullable. [/data/code/Core/Core.csproj]
/data/code/Core/Entities/Airport.cs(9,23): warning CS8618: Non-nullable property 'Code' must contain a non-null value when exiting constructor. Consider adding the 'required' modifier or declaring the property as nullable. [/data/code/Core/Core.csproj]
/data/code/Core/Entities/Airport.cs(10,23): warning CS8618: Non-nullable property 'Name' must contain a non-null value when exiting constructor. Consider adding the 'required' modifier or declaring the property as nullable. [/data/code/Core/Core.csproj]
/data/code/Core/Entities/Airport.cs(11,23): warning CS8618: Non-nullable property 'Description' must contain a non-null value when exiting constructor. Consider adding the 'required' modifier or declaring the property as nullable. [/data/code/Core/Core.csproj]
/data/code/Core/Entities/Airport.cs(13,21): warning CS8618: Non-nullable property 'City' must contain a non-null value when exiting constructor. Consider adding the 'required' modifier or declaring the property as nullable. [/data/code/Core/Core.csproj]
/data/code/Core/Entities/Airport.cs(15,41): warning CS8618: Non-nullable property 'Origins' must contain a non-null value when exiting constructor. Consider adding the 'required' modifier or declaring the property as nullable. [/data/code/Core/Core.csproj]
/data/code/Core/Entities/Airport.cs(16,41): warning CS8618: Non-nullable property 'Destinations' must contain a non-null value when exiting constructor. Consider adding the 'required' modifier or declaring the property as nullable. [/data/code/Core/Core.csproj]
/data/code/Core/Services/RequestLogService.cs(75,30): warning CS8602: Dereference of a possibly null reference. [/data/code/Core/Core.csproj]
/data/code/Core/Services/RequestLogService.cs(75,25): warning CS8605: Unboxing a possibly null value. [/data/code/Core/Core.csproj]
/data/code/Core/Services/RequestLogService.cs(76,35): warning CS8602: Dereference of a possibly null reference. [/data/code/Core/Core.csproj]
/data/code/Core/Services/RequestLogService.cs(76,27): warning CS8605: Unboxing a possibly null value. [/data/code/Core/Core.csproj]
/data/code/Core/Services/RequestLogService.cs(77,34): warning CS8602: Dereference of a possibly null reference. [/data/code/Core/Core.csproj]
/data/code/Core/Services/RequestLogService.cs(77,28): warning CS8605: Unboxing a possibly null value. [/data/code/Core/Core.csproj]
/data/code/Core/Services/RequestLogService.cs(78,34): warning CS8602: Dereference of a possibly null reference. [/data/code/Core/Core.csproj]
/data/code/Core/Services/RequestLogService.cs(78,28): warning CS8605: Unboxing a possibly null value. [/data/code/Core/Core.csproj]
  Core -> /data/code/Core/bin/Debug/net8.0/Core.dll
/data/code/Infrastructure/Data/EfRepository.cs(21,20): warning CS8603: Possible null reference return. [/data/code/Infrastructure/Infrastructure.csproj]
/data/code/Infrastructure/Data/EfRepository.cs(26,20): warning CS8603: Possible null reference return. [/data/code/Infrastructure/Infrastructure.csproj]
  Infrastructure -> /data/code/Infrastructure/bin/Debug/net8.0/Infrastructure.dll
/data/code/LinkitAir/CustomMiddleware/RequestResponseLoggingMiddleware.cs(2,33): error CS0234: The type or namespace name 'Internal' does not exist in the namespace 'Microsoft.AspNetCore.Http' (are you missing an assembly reference?) [/data/code/LinkitAir/LinkitAir.csproj]
/data/code/LinkitAir/ViewModels/TokenRequestViewModel.cs(1,7): error CS0246: The type or namespace name 'Newtonsoft' could not be found (are you missing a using directive or an assembly reference?) [/data/code/LinkitAir/LinkitAir.csproj]
/data/code/LinkitAir/ViewModels/TokenResponseViewModel.cs(1,7): error CS0246: The type or namespace name 'Newtonsoft' could not be found (are you missing a using directive or an assembly reference?) [/data/code/LinkitAir/LinkitAir.csproj]
/data/code/LinkitAir/ViewModels/TokenRequestViewModel.cs(5,6): error CS0246: The type or namespace name 'JsonObjectAttribute' could not be found (are you missing a using directive or an assembly reference?) [/data/code/LinkitAir/LinkitAir.csproj]
/data/code/LinkitAir/ViewModels/TokenRequestViewModel.cs(5,6): error CS0246: The type or namespace name 'JsonObject' could not be found (are you missing a using directive or an assembly reference?) [/data/code/LinkitAir/LinkitAir.csproj]
/data/code/LinkitAir/ViewModels/TokenRequestViewModel.cs(5,17): error CS0103: The name 'MemberSerialization' does not exist in the current context [/data/code/LinkitAir/LinkitAir.csproj]
/data/code/LinkitAir/ViewModels/TokenResponseViewModel.cs(5,6): error CS0246: The type or namespace name 'JsonObjectAttribute' could not be found (are you missing a using directive or an assembly reference?) [/data/code/LinkitAir/LinkitAir.csproj]
/data/code/LinkitAir/ViewModels/TokenResponseViewModel.cs(5,6): error CS0246: The type or namespace name 'JsonObject' could not be found (are you missing a using directive or an assembly reference?) [/data/code/LinkitAir/LinkitAir.csproj]
/data/code/LinkitAir/ViewModels/TokenResponseViewModel.cs(5,17): error CS0103: The name 'MemberSerialization' does not exist in the current context [/data/code/LinkitAir/LinkitAir.csproj]

Build FAILED.

/data/code/Core/Entities/RequestLog.cs(9,23): warning CS8618: Non-nullable property 'RequestMethod' must contain a non-null value when exiting constructor. Consider adding the 'required' modifier or declaring the property as nullable. [/data/code/Core/Core.csproj]
/data/code/Core/Entities/RequestLog.cs(10,23): warning CS8618: Non-nullable property 'ResponseStatusCode' must contain a non-null value when exiting constructor. Consider adding the 'required' modifier or declaring the property as nullable. [/data/code/Core/Core.csproj]
/data/code/Core/Entities/RequestLog.cs(11,23): warning CS8618: Non-nullable property 'UrlPath' must contain a non-null value when exiting constructor. Consider adding the 'required' modifier or declaring the property as nullable. [/data/code/Core/Core.csproj]
/data/code/Core/Entities/FlightTicket.cs(9,23): warning CS8618: Non-nullable property 'Code' must contain a non-null value when exiting constructor. Consider adding the 'required' modifier or declaring the property as nullable. [/data/code/Core/Core.csproj]
/data/code/Core/Entities/FlightTicket.cs(12,31): warning CS8618: Non-nullable property 'FlightInstance' must contain a non-null value when exiting constructor. Consider adding the 'required' modifier or declaring the property as nullable. [/data/code/Core/Core.csproj]
/data/code/Core/Entities/FlightRoute.cs(9,23): warning CS8618: Non-nullable property 'Code' must contain a non-null value when exiting constructor. Consider adding the 'required' modifier or declaring the property as nullable. [/data/code/Core/Core.csproj]
/data/code/Core/Entities/FlightRoute.cs(13,24): warning CS8618: Non-nullable property 'Origin' must contain a non-null value when exiting constructor. Consider adding the 'required' modifier or declaring the property as nullable. [/data/code/Core/Core.csproj]
/data/code/Core/Entities/FlightRoute.cs(15,24): warning CS8618: Non-nullable property 'Destination' must contain a non-null value when exiting constructor. Consider adding the 'required' modifier or declaring the property as nullable. [/data/code/Core/Core.csproj]
/data/code/Core/Entities/FlightInstance.cs(9,23): warning CS8618: Non-nullable property 'Code' must contain a non-null value when exiting constructor. Consider adding the 'required' modifier or declaring the property as nullable. [/data/code/Core/Core.csproj]
/data/code/Core/Entities/FlightInstance.cs(14,28): warning CS8618: Non-nullable property 'FlightRoute' must contain a non-null value when exiting constructor. Consider adding the 'required' modifier or declaring the property as nullable. [/data/code/Core/Core.csproj]
/data/code/Core/Entities/Country.cs(9,23): warning CS8618: Non-nullable property 'Name' must contain a non-null value when exiting constructor. Consider adding the 'required' modifier or declaring the property as nullable. [/data/code/Core/Core.csproj]
/data/code/Core/Entities/Country.cs(10,23): warning CS8618: Non-nullable property 'Code' must contain a non-null value when exiting constructor. Consider adding the 'required' modifier or declaring the property as nullable. [/data/code/Core/Core.csproj]
/data/code/Core/Entities/City.cs(9,23): warning CS8618: Non-nullable property 'Name' must contain a non-null value when exiting constructor. Consider adding the 'required' modifier or declaring the property as nullable. [/data/code/Core/Core.csproj]
/data/code/Core/Entities/City.cs(11,24): warning CS8618: Non-nullable property 'Country' must contain a non-null value when exiting constructor. Consider adding the 'required' modifier or declaring the property as nullable. [/data/code/Core/Core.csproj]
/data/code/Core/Entities/Airport.cs(9,23): warning CS8618: Non-nullable property 'Code' must contain a non-null value when exiting constructor. Consider adding the 'required' modifier or declaring the property as nullable. [/data/code/Core/Core.csproj]
/data/code/Core/Entities/Airport.cs(10,23): warning CS8618: Non-nullable property 'Name' must contain a non-null value when exiting constructor. Consider adding the 'required' modifier or declaring the property as nullable. [/data/code/Core/Core.csproj]
/data/code/Core/Entities/Airport.cs(11,23): warning CS8618: Non-nullable property 'Description' must contain a non-null value when exiting constructor. Consider adding the 'required' modifier or declaring the property as nullable. [/data/code/Core/Core.csproj]
/data/code/Core/Entities/Airport.cs(13,21): warning CS8618: Non-nullable property 'City' must contain a non-null value when exiting constructor. Consider adding the 'required' modifier or declaring the property as nullable. [/data/code/Core/Core.csproj]
/data/code/Core/Entities/Airport.cs(15,41): warning CS8618: Non-nullable property 'Origins' must contain a non-null value when exiting constructor. Consider adding the 'required' modifier or declaring the property as nullable. [/data/code/Core/Core.csproj]
/data/code/Core/Entities/Airport.cs(16,41): warning CS8618: Non-nullable property 'Destinations' must contain a non-null value when exiting constructor. Consider adding the 'required' modifier or declaring the property as nullable. [/data/code/Core/Core.csproj]
/data/code/Core/Services/RequestLogService.cs(75,30): warning CS8602: Dereference of a possibly null reference. [/data/code/Core/Core.csproj]
/data/code/Core/Services/RequestLogService.cs(75,25): warning CS8605: Unboxing a possibly null value. [/data/code/Core/Core.csproj]
/data/code/Core/Services/RequestLogService.cs(76,35): warning CS8602: Dereference of a possibly null reference. [/data/code/Core/Core.csproj]
/data/code/Core/Services/RequestLogService.cs(76,27): warning CS8605: Unboxing a possibly null value. [/data/code/Core/Core.csproj]
/data/code/Core/Services/RequestLogService.cs(77,34): warning CS8602: Dereference of a possibly null reference. [/data/code/Core/Core.csproj]
/data/code/Core/Services/RequestLogService.cs(77,28): warning CS8605: Unboxing a possibly null value. [/data/code/Core/Core.csproj]
/data/code/Core/Services/RequestLogService.cs(78,34): warning CS8602: Dereference of a possibly null reference. [/data/code/Core/Core.csproj]
/data/code/Core/Services/RequestLogService.cs(78,28): warning CS8605: Unboxing a possibly null value. [/data/code/Core/Core.csproj]
/data/code/Infrastructure/Data/EfRepository.cs(21,20): warning CS8603: Possible null reference return. [/data/code/Infrastructure/Infrastructure.csproj]
/data/code/Infrastructure/Data/EfRepository.cs(26,20): warning CS8603: Possible null reference return. [/data/code/Infrastructure/Infrastructure.csproj]
/data/code/LinkitAir/CustomMiddleware/RequestResponseLoggingMiddleware.cs(2,33): error CS0234: The type or namespace name 'Internal' does not exist in the namespace 'Microsoft.AspNetCore.Http' (are you missing an assembly reference?) [/data/code/LinkitAir/LinkitAir.csproj]
/data/code/LinkitAir/ViewModels/TokenRequestViewModel.cs(1,7): error CS0246: The type or namespace name 'Newtonsoft' could not be found (are you missing a using directive or an assembly reference?) [/data/code/LinkitAir/LinkitAir.csproj]
/data/code/LinkitAir/ViewModels/TokenResponseViewModel.cs(1,7): error CS0246: The type or namespace name 'Newtonsoft' could not be found (are you missing a using directive or an assembly reference?) [/data/code/LinkitAir/LinkitAir.csproj]
/data/code/LinkitAir/ViewModels/TokenRequestViewModel.cs(5,6): error CS0246: The type or namespace name 'JsonObjectAttribute' could not be found (are you missing a using directive or an assembly reference?) [/data/code/LinkitAir/LinkitAir.csproj]
/data/code/LinkitAir/ViewModels/TokenRequestViewModel.cs(5,6): error CS0246: The type or namespace name 'JsonObject' could not be found (are you missing a using directive or an assembly reference?) [/data/code/LinkitAir/LinkitAir.csproj]
/data/code/LinkitAir/ViewModels/TokenRequestViewModel.cs(5,17): error CS0103: The name 'MemberSerialization' does not exist in the current context [/data/code/LinkitAir/LinkitAir.csproj]
/data/code/LinkitAir/ViewModels/TokenResponseViewModel.cs(5,6): error CS0246: The type or namespace name 'JsonObjectAttribute' could not be found (are you missing a using directive or an assembly reference?) [/data/code/LinkitAir/LinkitAir.csproj]
/data/code/LinkitAir/ViewModels/TokenResponseViewModel.cs(5,6): error CS0246: The type or namespace name 'JsonObject' could not be found (are you missing a using directive or an assembly reference?) [/data/code/LinkitAir/LinkitAir.csproj]
/data/code/LinkitAir/ViewModels/TokenResponseViewModel.cs(5,17): error CS0103: The name 'MemberSerialization' does not exist in the current context [/data/code/LinkitAir/LinkitAir.csproj]
    30 Warning(s)
    9 Error(s)

Time Elapsed 00:00:24.48
